Call: EnumerationItem
  Consumed token: <"{" at line 1 column 1>
  Call: NamedNumber(LOOKING AHEAD...)
    Visited token: <<IDENTIFIANT>: "c" at line 1 column 3>; Expected token: <<IDENTIFIANT>>
    Visited token: <"}" at line 1 column 5>; Expected token: <"(">
  Return: NamedNumber(LOOKAHEAD FAILED)
  Call: identifier
    Consumed token: <<IDENTIFIANT>: "c" at line 1 column 3>
  Return: identifier
  Consumed token: <"}" at line 1 column 5>
Return: EnumerationItem
