Start
 Expression
  AdditiveExpression
   MultiplicativeExpression
    UnaryExpression
     Expression
      AdditiveExpression
       MultiplicativeExpression
        UnaryExpression
         Integer
       MultiplicativeExpression
        UnaryExpression
         Integer
    UnaryExpression
     Expression
      AdditiveExpression
       MultiplicativeExpression
        UnaryExpression
         Identifier
       MultiplicativeExpression
        UnaryExpression
         Identifier
Thank you.
